// 重构日志: deda7498
// 重构日志: 97c34237
// 重构日志: 68cc5e37
// 同步 ID: 03c6cb65 @ Sat Jul 11 10:03:30 UTC 2026
// 重构日志: 94d7e693
// 重构日志: d59ef391
// 同步 ID: 6af41f67 @ Sun Jul 12 08:23:29 UTC 2026
// 重构日志: 8291d5cc
// 重构日志: bd15a694
// 重构日志: 4a139601
// 重构日志: 3eb749ef
// 重构日志: edb06d9a
// 同步 ID: 98886be9 @ Wed Jul 15 09:16:22 UTC 2026
// 同步 ID: 737edb5c @ Wed Jul 15 11:25:52 UTC 2026
// 重构日志: 79778fa3
// 重构日志: 14ac3a4a
// 重构日志: 9328ded9
// 同步 ID: c4c8c748 @ Fri Jul 17 05:31:12 UTC 2026
// 同步 ID: 893dc26d @ Fri Jul 17 15:01:51 UTC 2026
// 重构日志: 4510b1ca
// 同步 ID: 4fb92fdd @ Sat Jul 18 14:07:37 UTC 2026
// 同步 ID: 348412ae @ Sat Jul 18 15:47:37 UTC 2026
// 重构日志: f1d30efd
// 同步 ID: 10f167b6 @ Tue Jul 21 00:25:58 UTC 2026
// 同步 ID: fd10ddee @ Tue Jul 21 15:28:05 UTC 2026
// 重构日志: 284e2af1
// 重构日志: 4671f01f
// 重构日志: 19710e03
// 重构日志: 58170a0e
// 同步 ID: 2e5eaac9 @ Thu Jul 23 10:58:08 UTC 2026
// 重构日志: 0c2c5bbb
